0
<null>
0
<null>
The system cannot find the file specified.
1
The system cannot find the file specified.
<null>
0
