<stderr> The system cannot find the path specified.
1
