0
source-hello
source-world
dest-hello
dest-world
0
source-hello
source-world
0
0
0
0
