0
<stderr> The system cannot find the file specified.
1
<stderr> The syntax of the command is incorrect.
1
<stderr> The syntax of the command is incorrect.
1
0
hello
0
0
hello
0
world
0
<stderr> Cannot move multiple files to a single file.
1
0
<stderr> Cannot move multiple files to a single file.
1
0
0
0
0
