0
/tmp
0
/tmp
0
/tmp/butch-tmp-folder
0
/tmp
0
/tmp
0
/tmp
0
/tmp
