0
/tmp
0
0
/tmp/some-temp-file-name
0
0
/tmp/some-temp-file-name/parent
0
0
/tmp/some-temp-file-name/parent/child
